// Jest Snapshot v1, https://goo.gl/fbAQLP

exports[`App should render the catalogue of recipe 1`] = `
<DocumentFragment>
  <div
    class="nav"
  >
     Catelogue of Recipe 
  </div>
  <div>
    <div
      class="category"
    >
      <input
        class="input"
        placeholder="Search for recipes"
        type="text"
        value=""
      />
      <select
        id="cat"
        name="category"
      >
        <option
          value="Beef"
        >
          Beef
        </option>
        <option
          value="Breakfast"
        >
          Breakfast
        </option>
        <option
          value="Chicken"
        >
          Chicken
        </option>
        <option
          value="Dessert"
        >
          Dessert
        </option>
        <option
          value="Goat"
        >
          Goat
        </option>
        <option
          value="Lamb"
        >
          Lamb
        </option>
        <option
          value="Miscellaneous"
        >
          Miscellaneous
        </option>
        <option
          value="Pasta"
        >
          Pasta
        </option>
        <option
          value="Pork"
        >
          Pork
        </option>
        <option
          value="Seafood"
        >
          Seafood
        </option>
        <option
          value="Side"
        >
          Side
        </option>
        <option
          value="Starter"
        >
          Starter
        </option>
        <option
          value="Vegan"
        >
          Vegan
        </option>
        <option
          value="Vegetarian"
        >
          Vegetarian
        </option>
      </select>
    </div>
    <div>
      <div>
        <div
          class="tablet desktop"
        >
          <div>
            <a
              href="/2020"
            >
              <img
                alt="recipeImage"
                class="img"
                src="undefined"
              />
              <p
                class="p"
              >
                hello world
              </p>
            </a>
          </div>
        </div>
      </div>
    </div>
  </div>
</DocumentFragment>
`;
